Note: /home/coder/deepthought-solutions/dataspace/ds-identity-hub-rs/bench/edc-identity-hub/seed/src/IdentityHubSeedExtension.java uses unchecked or unsafe operations.
Note: Recompile with -Xlint:unchecked for details.
Starting seeded IdentityHub on :9080-9084 ...
[0;32mINFO 2026-09-20T09:25:53.550511629 Booting EDC runtime[0m
[0;33mWARNING 2026-09-20T09:25:53.565170988 Configuration file does not exist: dataspaceconnector-configuration.properties. Ignoring.[0m
[0;32mINFO 2026-09-20T09:25:53.748941623 HTTPS enforcement it not enabled, please enable it in a production environment[0m
[0;33mWARNING 2026-09-20T09:25:53.822193035 Config value: no setting found for 'edc.hostname', falling back to default value 'localhost'[0m
[0;33mWARNING 2026-09-20T09:25:53.826931248 Using the InMemoryVault is not suitable for production scenarios and should be replaced with an actual Vault![0m
[0;32mINFO 2026-09-20T09:25:53.827441649 [STS-Account] This IdentityHub runtime contains an embedded SecureTokenService (STS) instance. That means ParticipantContexts and STS Accounts will be synchronized automatically.[0m
SLF4J(W): No SLF4J providers were found.
SLF4J(W): Defaulting to no-operation (NOP) logger implementation
SLF4J(W): See https://www.slf4j.org/codes.html#noProviders for further details.
[0;33mWARNING 2026-09-20T09:25:54.014932149 JWT Token ID ("jti" claim) Validation is not active. Please consider setting 'edc.iam.accesstoken.jti.validation=true' for protection against replay attacks[0m
[0;32mINFO 2026-09-20T09:25:54.082417128 AES encryption key alias not set; AES encryption algorithm will not be registered[0m
[0;33mWARNING 2026-09-20T09:25:54.143667866 [DidDocumentService] Updating DID documents after activating a KeyPair failed: Cannot publish DID 'did:web:localhost%3A9083:dcp-test-client' for participant 'dcp-test-client' because the ParticipantContext state is not 'ACTIVATED', but 'CREATED'.[0m
[0;33mWARNING 2026-09-20T09:25:54.146689907 DID 'did:web:localhost%3A9083:dcp-test-client' is already published - this action will overwrite it.[0m
dcp-test-env seed (IdentityHub): created + activated participant 'dcp-test-client' did=did:web:localhost%3A9083:dcp-test-client
[0;33mWARNING 2026-09-20T09:25:54.149184424 [DidDocumentService] Updating DID documents after activating a KeyPair failed: Cannot publish DID 'did:web:localhost%3A9083:verifier' for participant 'verifier' because the ParticipantContext state is not 'ACTIVATED', but 'CREATED'.[0m
[0;33mWARNING 2026-09-20T09:25:54.15032217 DID 'did:web:localhost%3A9083:verifier' is already published - this action will overwrite it.[0m
dcp-test-env seed (IdentityHub): created + activated participant 'verifier' did=did:web:localhost%3A9083:verifier
dcp-test-env seed (IdentityHub): seeded FederatedCatalogAccessCredential for did:web:localhost%3A9083:dcp-test-client issued by did:web:localhost%3A9093:issuer
[0;32mINFO 2026-09-20T09:25:54.642082263 55 service extensions started[0m
[0;32mINFO 2026-09-20T09:25:54.642656975 Runtime 00e9a2f8-5a58-464a-92a4-eb1a03079b5a ready[0m
[0;31mSEVERE 2026-09-20T09:25:54.913983836 JerseyExtension: Unexpected exception caught[0m
[0;31m[0;31mSEVERE 2026-09-20T09:25:54.913983902 JerseyExtension: Unexpected exception caught[0m
[0;31m[0;31mSEVERE 2026-09-20T09:25:54.913988061 JerseyExtension: Unexpected exception caught[0m
[0;31mjava.util.ConcurrentModificationException
	at java.base/java.util.HashMap.computeIfAbsent(HashMap.java:1229)
	at org.eclipse.edc.transform.TypeTransformerRegistryImpl.forContext(TypeTransformerRegistryImpl.java:52)
	at org.eclipse.edc.identityhub.api.verifiablecredential.PresentationApiController.queryPresentation(PresentationApiController.java:113)
	at java.base/jdk.internal.reflect.DirectMethodHandleAccessor.invoke(DirectMethodHandleAccessor.java:103)
	at java.base/java.lang.reflect.Method.invoke(Method.java:580)
	at org.glassfish.jersey.server.model.internal.ResourceMethodInvocationHandlerFactory.lambda$static$0(ResourceMethodInvocationHandlerFactory.java:52)
	at org.glassfish.jersey.server.model.internal.AbstractJavaResourceMethodDispatcher$1.run(AbstractJavaResourceMethodDispatcher.java:146)
	at org.glassfish.jersey.server.model.internal.AbstractJavaResourceMethodDispatcher.invoke(AbstractJavaResourceMethodDispatcher.java:189)
	at org.glassfish.jersey.server.model.internal.JavaResourceMethodDispatcherProvider$ResponseOutInvoker.doDispatch(JavaResourceMethodDispatcherProvider.java:176)
	at org.glassfish.jersey.server.model.internal.AbstractJavaResourceMethodDispatcher.dispatch(AbstractJavaResourceMethodDispatcher.java:93)
	at org.glassfish.jersey.server.model.ResourceMethodInvoker.invoke(ResourceMethodInvoker.java:470)
	at org.glassfish.jersey.server.model.ResourceMethodInvoker.apply(ResourceMethodInvoker.java:394)
	at org.glassfish.jersey.server.model.ResourceMethodInvoker.apply(ResourceMethodInvoker.java:80)
	at org.glassfish.jersey.server.ServerRuntime$1.run(ServerRuntime.java:274)
	at org.glassfish.jersey.internal.Errors$1.call(Errors.java:248)
	at org.glassfish.jersey.internal.Errors$1.call(Errors.java:244)
	at org.glassfish.jersey.internal.Errors.process(Errors.java:292)
	at org.glassfish.jersey.internal.Errors.process(Errors.java:274)
	at org.glassfish.jersey.internal.Errors.process(Errors.java:244)
	at org.glassfish.jersey.process.internal.RequestScope.runInScope(RequestScope.java:266)
	at org.glassfish.jersey.server.ServerRuntime.process(ServerRuntime.java:253)
	at org.glassfish.jersey.server.ApplicationHandler.handle(ApplicationHandler.java:703)
	at org.glassfish.jersey.servlet.WebComponent.serviceImpl(WebComponent.java:422)
	at org.glassfish.jersey.servlet.WebComponent.service(WebComponent.java:374)
	at org.glassfish.jersey.servlet.ServletContainer.service(ServletContainer.java:355)
	at org.glassfish.jersey.servlet.ServletContainer.service(ServletContainer.java:309)
	at org.glassfish.jersey.servlet.ServletContainer.service(ServletContainer.java:202)
	at org.eclipse.jetty.ee10.servlet.ServletHolder.handle(ServletHolder.java:754)
	at org.eclipse.jetty.ee10.servlet.ServletHandler$ChainEnd.doFilter(ServletHandler.java:1622)
	at org.eclipse.jetty.ee10.servlet.ServletHandler$MappedServlet.handle(ServletHandler.java:1556)
	at org.eclipse.jetty.ee10.servlet.ServletChannel.dispatch(ServletChannel.java:871)
	at org.eclipse.jetty.ee10.servlet.ServletChannel.handle(ServletChannel.java:449)
	at org.eclipse.jetty.ee10.servlet.ServletHandler.handle(ServletHandler.java:469)
	at org.eclipse.jetty.server.handler.ContextHandler.handle(ContextHandler.java:1250)
	at org.eclipse.jetty.server.handler.ContextHandlerCollection.handle(ContextHandlerCollection.java:178)
	at org.eclipse.jetty.server.Server.handle(Server.java:197)
	at org.eclipse.jetty.server.internal.HttpChannelState$HandlerInvoker.run(HttpChannelState.java:793)
	at org.eclipse.jetty.server.internal.HttpConnection.onFillable(HttpConnection.java:419)
	at org.eclipse.jetty.server.internal.HttpConnection$FillableCallback.succeeded(HttpConnection.java:1780)
	at org.eclipse.jetty.io.FillInterest.fillable(FillInterest.java:105)
	at org.eclipse.jetty.io.SelectableChannelEndPoint$1.run(SelectableChannelEndPoint.java:54)
	at org.eclipse.jetty.util.thread.QueuedThreadPool.runJob(QueuedThreadPool.java:1009)
	at org.eclipse.jetty.util.thread.QueuedThreadPool$Runner.doRunJob(QueuedThreadPool.java:1240)
	at org.eclipse.jetty.util.thread.QueuedThreadPool$Runner.run(QueuedThreadPool.java:1194)
	at java.base/java.lang.Thread.run(Thread.java:1583)
[0mjava.util.ConcurrentModificationException
	at java.base/java.util.HashMap.computeIfAbsent(HashMap.java:1229)
	at org.eclipse.edc.transform.TypeTransformerRegistryImpl.forContext(TypeTransformerRegistryImpl.java:52)
	at org.eclipse.edc.identityhub.api.verifiablecredential.PresentationApiController.queryPresentation(PresentationApiController.java:113)
	at java.base/jdk.internal.reflect.DirectMethodHandleAccessor.invoke(DirectMethodHandleAccessor.java:103)
	at java.base/java.lang.reflect.Method.invoke(Method.java:580)
	at org.glassfish.jersey.server.model.internal.ResourceMethodInvocationHandlerFactory.lambda$static$0(ResourceMethodInvocationHandlerFactory.java:52)
	at org.glassfish.jersey.server.model.internal.AbstractJavaResourceMethodDispatcher$1.run(AbstractJavaResourceMethodDispatcher.java:146)
	at org.glassfish.jersey.server.model.internal.AbstractJavaResourceMethodDispatcher.invoke(AbstractJavaResourceMethodDispatcher.java:189)
	at org.glassfish.jersey.server.model.internal.JavaResourceMethodDispatcherProvider$ResponseOutInvoker.doDispatch(JavaResourceMethodDispatcherProvider.java:176)
	at org.glassfish.jersey.server.model.internal.AbstractJavaResourceMethodDispatcher.dispatch(AbstractJavaResourceMethodDispatcher.java:93)
	at org.glassfish.jersey.server.model.ResourceMethodInvoker.invoke(ResourceMethodInvoker.java:470)
	at org.glassfish.jersey.server.model.ResourceMethodInvoker.apply(ResourceMethodInvoker.java:394)
	at org.glassfish.jersey.server.model.ResourceMethodInvoker.apply(ResourceMethodInvoker.java:80)
	at org.glassfish.jersey.server.ServerRuntime$1.run(ServerRuntime.java:274)
	at org.glassfish.jersey.internal.Errors$1.call(Errors.java:248)
	at org.glassfish.jersey.internal.Errors$1.call(Errors.java:244)
	at org.glassfish.jersey.internal.Errors.process(Errors.java:292)
	at org.glassfish.jersey.internal.Errors.process(Errors.java:274)
	at org.glassfish.jersey.internal.Errors.process(Errors.java:244)
	at org.glassfish.jersey.process.internal.RequestScope.runInScope(RequestScope.java:266)
	at org.glassfish.jersey.server.ServerRuntime.process(ServerRuntime.java:253)
	at org.glassfish.jersey.server.ApplicationHandler.handle(ApplicationHandler.java:703)
	at org.glassfish.jersey.servlet.WebComponent.serviceImpl(WebComponent.java:422)
	at org.glassfish.jersey.servlet.WebComponent.service(WebComponent.java:374)
	at org.glassfish.jersey.servlet.ServletContainer.service(ServletContainer.java:355)
	at org.glassfish.jersey.servlet.ServletContainer.service(ServletContainer.java:309)
	at org.glassfish.jersey.servlet.ServletContainer.service(ServletContainer.java:202)
	at org.eclipse.jetty.ee10.servlet.ServletHolder.handle(ServletHolder.java:754)
	at org.eclipse.jetty.ee10.servlet.ServletHandler$ChainEnd.doFilter(ServletHandler.java:1622)
	at org.eclipse.jetty.ee10.servlet.ServletHandler$MappedServlet.handle(ServletHandler.java:1556)
	at org.eclipse.jetty.ee10.servlet.ServletChannel.dispatch(ServletChannel.java:871)
	at org.eclipse.jetty.ee10.servlet.ServletChannel.handle(ServletChannel.java:449)
	at org.eclipse.jetty.ee10.servlet.ServletHandler.handle(ServletHandler.java:469)
	at org.eclipse.jetty.server.handler.ContextHandler.handle(ContextHandler.java:1250)
	at org.eclipse.jetty.server.handler.ContextHandlerCollection.handle(ContextHandlerCollection.java:178)
	at org.eclipse.jetty.server.Server.handle(Server.java:197)
	at org.eclipse.jetty.server.internal.HttpChannelState$HandlerInvoker.run(HttpChannelState.java:793)
	at org.eclipse.jetty.server.internal.HttpConnection.onFillable(HttpConnection.java:419)
	at org.eclipse.jetty.server.internal.HttpConnection$FillableCallback.succeeded(HttpConnection.java:1780)
	at org.eclipse.jetty.io.FillInterest.fillable(FillInterest.java:105)
	at org.eclipse.jetty.io.SelectableChannelEndPoint$1.run(SelectableChannelEndPoint.java:54)
	at org.eclipse.jetty.util.thread.QueuedThreadPool.runJob(QueuedThreadPool.java:1009)
	at org.eclipse.jetty.util.thread.QueuedThreadPool$Runner.doRunJob(QueuedThreadPool.java:1240)
	at org.eclipse.jetty.util.thread.QueuedThreadPool$Runner.run(QueuedThreadPool.java:1194)
	at java.base/java.lang.Thread.run(Thread.java:1583)
[0mjava.util.ConcurrentModificationException
	at java.base/java.util.HashMap.computeIfAbsent(HashMap.java:1229)
	at org.eclipse.edc.transform.TypeTransformerRegistryImpl.forContext(TypeTransformerRegistryImpl.java:52)
	at org.eclipse.edc.identityhub.api.verifiablecredential.PresentationApiController.queryPresentation(PresentationApiController.java:113)
	at java.base/jdk.internal.reflect.DirectMethodHandleAccessor.invoke(DirectMethodHandleAccessor.java:103)
	at java.base/java.lang.reflect.Method.invoke(Method.java:580)
	at org.glassfish.jersey.server.model.internal.ResourceMethodInvocationHandlerFactory.lambda$static$0(ResourceMethodInvocationHandlerFactory.java:52)
	at org.glassfish.jersey.server.model.internal.AbstractJavaResourceMethodDispatcher$1.run(AbstractJavaResourceMethodDispatcher.java:146)
	at org.glassfish.jersey.server.model.internal.AbstractJavaResourceMethodDispatcher.invoke(AbstractJavaResourceMethodDispatcher.java:189)
	at org.glassfish.jersey.server.model.internal.JavaResourceMethodDispatcherProvider$ResponseOutInvoker.doDispatch(JavaResourceMethodDispatcherProvider.java:176)
	at org.glassfish.jersey.server.model.internal.AbstractJavaResourceMethodDispatcher.dispatch(AbstractJavaResourceMethodDispatcher.java:93)
	at org.glassfish.jersey.server.model.ResourceMethodInvoker.invoke(ResourceMethodInvoker.java:470)
	at org.glassfish.jersey.server.model.ResourceMethodInvoker.apply(ResourceMethodInvoker.java:394)
	at org.glassfish.jersey.server.model.ResourceMethodInvoker.apply(ResourceMethodInvoker.java:80)
	at org.glassfish.jersey.server.ServerRuntime$1.run(ServerRuntime.java:274)
	at org.glassfish.jersey.internal.Errors$1.call(Errors.java:248)
	at org.glassfish.jersey.internal.Errors$1.call(Errors.java:244)
	at org.glassfish.jersey.internal.Errors.process(Errors.java:292)
	at org.glassfish.jersey.internal.Errors.process(Errors.java:274)
	at org.glassfish.jersey.internal.Errors.process(Errors.java:244)
	at org.glassfish.jersey.process.internal.RequestScope.runInScope(RequestScope.java:266)
	at org.glassfish.jersey.server.ServerRuntime.process(ServerRuntime.java:253)
	at org.glassfish.jersey.server.ApplicationHandler.handle(ApplicationHandler.java:703)
	at org.glassfish.jersey.servlet.WebComponent.serviceImpl(WebComponent.java:422)
	at org.glassfish.jersey.servlet.WebComponent.service(WebComponent.java:374)
	at org.glassfish.jersey.servlet.ServletContainer.service(ServletContainer.java:355)
	at org.glassfish.jersey.servlet.ServletContainer.service(ServletContainer.java:309)
	at org.glassfish.jersey.servlet.ServletContainer.service(ServletContainer.java:202)
	at org.eclipse.jetty.ee10.servlet.ServletHolder.handle(ServletHolder.java:754)
	at org.eclipse.jetty.ee10.servlet.ServletHandler$ChainEnd.doFilter(ServletHandler.java:1622)
	at org.eclipse.jetty.ee10.servlet.ServletHandler$MappedServlet.handle(ServletHandler.java:1556)
	at org.eclipse.jetty.ee10.servlet.ServletChannel.dispatch(ServletChannel.java:871)
	at org.eclipse.jetty.ee10.servlet.ServletChannel.handle(ServletChannel.java:449)
	at org.eclipse.jetty.ee10.servlet.ServletHandler.handle(ServletHandler.java:469)
	at org.eclipse.jetty.server.handler.ContextHandler.handle(ContextHandler.java:1250)
	at org.eclipse.jetty.server.handler.ContextHandlerCollection.handle(ContextHandlerCollection.java:178)
	at org.eclipse.jetty.server.Server.handle(Server.java:197)
	at org.eclipse.jetty.server.internal.HttpChannelState$HandlerInvoker.run(HttpChannelState.java:793)
	at org.eclipse.jetty.server.internal.HttpConnection.onFillable(HttpConnection.java:419)
	at org.eclipse.jetty.server.internal.HttpConnection$FillableCallback.succeeded(HttpConnection.java:1780)
	at org.eclipse.jetty.io.FillInterest.fillable(FillInterest.java:105)
	at org.eclipse.jetty.io.SelectableChannelEndPoint$1.run(SelectableChannelEndPoint.java:54)
	at org.eclipse.jetty.util.thread.strategy.AdaptiveExecutionStrategy.runTask(AdaptiveExecutionStrategy.java:492)
	at org.eclipse.jetty.util.thread.strategy.AdaptiveExecutionStrategy.epcRunTask(AdaptiveExecutionStrategy.java:428)
	at org.eclipse.jetty.util.thread.strategy.AdaptiveExecutionStrategy.consumeTask(AdaptiveExecutionStrategy.java:401)
	at org.eclipse.jetty.util.thread.strategy.AdaptiveExecutionStrategy.tryProduce(AdaptiveExecutionStrategy.java:255)
	at org.eclipse.jetty.util.thread.strategy.AdaptiveExecutionStrategy.produce(AdaptiveExecutionStrategy.java:196)
	at org.eclipse.jetty.util.thread.QueuedThreadPool.runJob(QueuedThreadPool.java:1009)
	at org.eclipse.jetty.util.thread.QueuedThreadPool$Runner.doRunJob(QueuedThreadPool.java:1240)
	at org.eclipse.jetty.util.thread.QueuedThreadPool$Runner.run(QueuedThreadPool.java:1194)
	at java.base/java.lang.Thread.run(Thread.java:1583)
[0m[0;32mINFO 2026-09-20T09:27:21.686685757 Shutdown complete[0m
[0;32mINFO 2026-09-20T09:27:21.687136306 Cleanup complete[0m
